I'm sorry, but errors were detected in your script. Please correct the
errors listed below, and try again.


File "game/script.rpy", line 32: Line is followed by a block, despite not being a menu choice. Did you forget a colon at the end of the line?
    "I am fine, thank you"
                          ^

Ren'Py Version: Ren'Py 7.4.11.2266
Thu Jun 16 22:36:35 2022
